
OpenSBI v0.4 (Jul  2 2019 11:53:53)
   ____                    _____ ____ _____
  / __ \                  / ____|  _ \_   _|
 | |  | |_ __   ___ _ __ | (___ | |_) || |
 | |  | | '_ \ / _ \ '_ \ \___ \|  _ < | |
 | |__| | |_) |  __/ | | |____) | |_) || |_
  \____/| .__/ \___|_| |_|_____/|____/_____|
        | |
        |_|

Platform Name          : QEMU Virt Machine
Platform HART Features : RV64ACDFIMSU
Platform Max HARTs     : 8
Current Hart           : 0
Firmware Base          : 0x80000000
Firmware Size          : 112 KB
Runtime SBI Version    : 0.1

PMP0: 0x0000000080000000-0x000000008001ffff (A)
PMP1: 0x0000000000000000-0xffffffffffffffff (A,R,W,X)
(THU.CST) os is loading ...

Special kernel symbols:
  entry  0xc020004a (virtual)
  etext  0xc02058d2 (virtual)
  edata  0xc02c2600 (virtual)
  end    0xc02c6ae0 (virtual)
Kernel executable memory footprint: 795KB
DTB Init
HartID: 0
DTB Address: 0x82200000
Physical Memory from DTB:
  Base: 0x0000000080000000
  Size: 0x0000000008000000 (128 MB)
  End:  0x0000000087ffffff
DTB init completed
memory management: default_pmm_manager
physcial memory map:
  memory: 0x08000000, [0x80000000, 0x87ffffff].
vapaofset is 18446744070488326144
check_alloc_page() succeeded!
check_pgdir() succeeded!
check_boot_pgdir() succeeded!
use SLOB allocator
kmalloc_init() succeeded!
check_vma_struct() succeeded!
check_vmm() succeeded.
RR_init called
sched class: RR_scheduler
proc_init start
proc_init: init_main pid=1
++ setup timer interrupts
user_main start
kernel_execve: pid = 2, name = "priority".
set priority to 6
main: fork ok,now need to wait pids.
set priority to 1
set priority to 2
set priority to 3
set priority to 4
set priority to 5
100 ticks
End of Test.
100 ticks
End of Test.
child pid 3, acc 960000, time 2010
child pid 4, acc 944000, time 2010
child pid 5, acc 948000, time 2010
child pid 6, acc 948000, time 2010
child pid 7, acc 948000, time 2010
main: pid 3, acc 960000, time 2010
main: pid 4, acc 944000, time 2010
main: pid 5, acc 948000, time 2010
main: pid 6, acc 948000, time 2010
main: pid 7, acc 948000, time 2010
main: wait pids over
sched result: 1 1 1 1 1
all user-mode processes have quit.
init check memory pass.
kernel panic at kern/process/proc.c:542:
    initproc exit.

